[themoviezflix.co.in/index.html]
[themoviezflix.co.in/https://cypherhack99.github.io/moviesflix/themoviezflix.co.in/wp-content/uploads/2022/07/cropped-favicon-32x32-1.png]
[themoviezflix.co.in/https://cypherhack99.github.io/moviesflix/themoviezflix.co.in/wp-content/uploads/2022/08/cropped-cropped-favicon-32x32-1-270x270.png]
[themoviezflix.co.in/https://cypherhack99.github.io/moviesflix/themoviezflix.co.in/wp-content/uploads/2022/08/cropped-cropped-favicon-32x32-1-180x180.png]
[backblue.gif]
[fade.gif]
[index.html]
[themoviezflix.co.in/https://cypherhack99.github.io/moviesflix/themoviezflix.co.in/wp-content/cache/minify/a5ff7.css]
[themoviezflix.co.in/https://cypherhack99.github.io/moviesflix/themoviezflix.co.in/wp-content/cache/minify/ee92c.css]
[themoviezflix.co.in/https://cypherhack99.github.io/moviesflix/themoviezflix.co.in/wp-content/cache/minify/70f6c.css]
[themoviezflix.co.in/https://cypherhack99.github.io/moviesflix/themoviezflix.co.in/wp-content/themes/mts_sociallyviral/images/nobg.png]
[themoviezflix.co.in/https://cypherhack99.github.io/moviesflix/themoviezflix.co.in/wp-content/cache/minify/a0950.css]
[themoviezflix.co.in/https://cypherhack99.github.io/moviesflix/themoviezflix.co.in/wp-content/cache/minify/31fcc.js]
[themoviezflix.co.in/wp-includes/wlwmanifest.xml]
[js.wpadmngr.com/static/adManager.js]
[themoviezflix.co.in/https://cypherhack99.github.io/moviesflix/themoviezflix.co.in/wp-content/uploads/2022/08/cropped-cropped-favicon-32x32-1-32x32.png]
[themoviezflix.co.in/https://cypherhack99.github.io/moviesflix/themoviezflix.co.in/wp-content/uploads/2022/08/cropped-cropped-favicon-32x32-1-192x192.png]
[themoviezflix.co.in/https://cypherhack99.github.io/moviesflix/themoviezflix.co.in/wp-content/uploads/2022/11/photo_2020-09-05_10-54-10-1-1.jpg]
[themoviezflix.co.in/https://cypherhack99.github.io/moviesflix/themoviezflix.co.in/wp-content/uploads/2022/12/download-47-200x300.jpg]
[themoviezflix.co.in/https://cypherhack99.github.io/moviesflix/themoviezflix.co.in/wp-content/uploads/2022/12/Download-Lady-Chatterleys-Lover-1-200x300-1-200x300.jpg]
[themoviezflix.co.in/https://cypherhack99.github.io/moviesflix/themoviezflix.co.in/wp-content/uploads/2022/12/Download-Troll-2022-Hindi-English-720p-x264-WeB-DL-Esubs-1-200x300-1-200x300.jpg]
[themoviezflix.co.in/https://cypherhack99.github.io/moviesflix/themoviezflix.co.in/wp-content/uploads/2022/12/download-7-200x300.jpg]
[themoviezflix.co.in/https://cypherhack99.github.io/moviesflix/themoviezflix.co.in/wp-content/uploads/2022/11/Download-Wednesday-Season-1-Hindi-English-720p-x264-Esubs-1-200x300-1-200x300.png]
[themoviezflix.co.in/https://cypherhack99.github.io/moviesflix/themoviezflix.co.in/wp-content/uploads/2022/10/download-6-3-200x300.jpg]
[themoviezflix.co.in/https://cypherhack99.github.io/moviesflix/themoviezflix.co.in/wp-content/uploads/2022/10/Download-Black-Adam-2022-Hindi-Cam-English-720p-200x300-1-200x300.jpg]
[themoviezflix.co.in/https://cypherhack99.github.io/moviesflix/themoviezflix.co.in/wp-content/uploads/2022/12/download-22-1-200x300.jpg]
[themoviezflix.co.in/https://cypherhack99.github.io/moviesflix/themoviezflix.co.in/wp-content/uploads/2022/12/download-19-200x300.png]
[themoviezflix.co.in/https://cypherhack99.github.io/moviesflix/themoviezflix.co.in/wp-content/uploads/2022/12/download-25-1-200x300.jpg]
[themoviezflix.co.in/https://cypherhack99.github.io/moviesflix/themoviezflix.co.in/wp-content/uploads/2022/12/download-23-200x300.png]
[themoviezflix.co.in/https://cypherhack99.github.io/moviesflix/themoviezflix.co.in/wp-content/uploads/2022/12/download-26-200x300.png]
[themoviezflix.co.in/https://cypherhack99.github.io/moviesflix/themoviezflix.co.in/wp-content/uploads/2022/12/images-200x300.jpg]
[themoviezflix.co.in/https://cypherhack99.github.io/moviesflix/themoviezflix.co.in/wp-content/uploads/2022/11/download-19-1-200x300.png]
[themoviezflix.co.in/https://cypherhack99.github.io/moviesflix/themoviezflix.co.in/wp-content/uploads/2022/11/download-20-200x300.jpg]
[themoviezflix.co.in/https://cypherhack99.github.io/moviesflix/themoviezflix.co.in/wp-content/uploads/2022/12/download-27-1-200x300.jpg]
[themoviezflix.co.in/https://cypherhack99.github.io/moviesflix/themoviezflix.co.in/wp-content/uploads/2022/12/download-28-1-200x300.jpg]
[themoviezflix.co.in/https://cypherhack99.github.io/moviesflix/themoviezflix.co.in/wp-content/uploads/2022/12/download-30-200x300.jpg]
[themoviezflix.co.in/https://cypherhack99.github.io/moviesflix/themoviezflix.co.in/wp-content/uploads/2022/12/download-31-1-200x300.jpg]
[themoviezflix.co.in/https://cypherhack99.github.io/moviesflix/themoviezflix.co.in/wp-content/uploads/2022/12/download-29-3-200x300.jpg]
[themoviezflix.co.in/https://cypherhack99.github.io/moviesflix/themoviezflix.co.in/wp-content/uploads/2022/12/download-50-200x300.jpg]
[themoviezflix.co.in/https://cypherhack99.github.io/moviesflix/themoviezflix.co.in/wp-content/uploads/2022/12/download-49-200x300.jpg]
[i.imgur.com/go0Tfk1.png]
[themoviezflix.co.in/https://cypherhack99.github.io/moviesflix/themoviezflix.co.in/wp-content/plugins/wpfront-notification-bar/images/arrow_down.png]
[themoviezflix.co.in/index.html]
[themoviezflix.co.in/https://cypherhack99.github.io/moviesflix/themoviezflix.co.in/wp-content/cache/minify/a5ff7.css]
[themoviezflix.co.in/https://cypherhack99.github.io/moviesflix/themoviezflix.co.in/wp-content/cache/minify/ee92c.css]
[themoviezflix.co.in/https://cypherhack99.github.io/moviesflix/themoviezflix.co.in/wp-content/cache/minify/013e0.js]
[themoviezflix.co.in/https://cypherhack99.github.io/moviesflix/themoviezflix.co.in/wp-content/plugins/cool-tag-cloud/inc/images/default-left.png]
[themoviezflix.co.in/https://cypherhack99.github.io/moviesflix/themoviezflix.co.in/wp-content/plugins/cool-tag-cloud/inc/images/default-right.png]
[themoviezflix.co.in/https://cypherhack99.github.io/moviesflix/themoviezflix.co.in/wp-content/plugins/cool-tag-cloud/inc/images/silver-left.png]
[themoviezflix.co.in/https://cypherhack99.github.io/moviesflix/themoviezflix.co.in/wp-content/plugins/cool-tag-cloud/inc/images/silver-right.png]
[themoviezflix.co.in/https://cypherhack99.github.io/moviesflix/themoviezflix.co.in/wp-content/plugins/cool-tag-cloud/inc/images/green-left.png]
[themoviezflix.co.in/https://cypherhack99.github.io/moviesflix/themoviezflix.co.in/wp-content/plugins/cool-tag-cloud/inc/images/green-right.png]
[themoviezflix.co.in/https://cypherhack99.github.io/moviesflix/themoviezflix.co.in/wp-content/plugins/cool-tag-cloud/inc/images/red-left.png]
[themoviezflix.co.in/https://cypherhack99.github.io/moviesflix/themoviezflix.co.in/wp-content/plugins/cool-tag-cloud/inc/images/red-right.png]
[themoviezflix.co.in/https://cypherhack99.github.io/moviesflix/themoviezflix.co.in/wp-content/plugins/cool-tag-cloud/inc/images/blue-left.png]
[themoviezflix.co.in/https://cypherhack99.github.io/moviesflix/themoviezflix.co.in/wp-content/plugins/cool-tag-cloud/inc/images/blue-right.png]
[themoviezflix.co.in/https://cypherhack99.github.io/moviesflix/themoviezflix.co.in/wp-content/plugins/cool-tag-cloud/inc/images/brown-left.png]
[themoviezflix.co.in/https://cypherhack99.github.io/moviesflix/themoviezflix.co.in/wp-content/plugins/cool-tag-cloud/inc/images/brown-right.png]
[themoviezflix.co.in/https://cypherhack99.github.io/moviesflix/themoviezflix.co.in/wp-content/plugins/cool-tag-cloud/inc/images/purple-left.png]
[themoviezflix.co.in/https://cypherhack99.github.io/moviesflix/themoviezflix.co.in/wp-content/plugins/cool-tag-cloud/inc/images/purple-right.png]
[themoviezflix.co.in/https://cypherhack99.github.io/moviesflix/themoviezflix.co.in/wp-content/plugins/cool-tag-cloud/inc/images/cyan-left.png]
[themoviezflix.co.in/https://cypherhack99.github.io/moviesflix/themoviezflix.co.in/wp-content/plugins/cool-tag-cloud/inc/images/cyan-right.png]
[themoviezflix.co.in/https://cypherhack99.github.io/moviesflix/themoviezflix.co.in/wp-content/plugins/cool-tag-cloud/inc/images/lime-left.png]
[themoviezflix.co.in/https://cypherhack99.github.io/moviesflix/themoviezflix.co.in/wp-content/plugins/cool-tag-cloud/inc/images/lime-right.png]
[themoviezflix.co.in/https://cypherhack99.github.io/moviesflix/themoviezflix.co.in/wp-content/plugins/cool-tag-cloud/inc/images/black-left.png]
[themoviezflix.co.in/https://cypherhack99.github.io/moviesflix/themoviezflix.co.in/wp-content/plugins/cool-tag-cloud/inc/images/black-right.png]
[themoviezflix.co.in/https://cypherhack99.github.io/moviesflix/themoviezflix.co.in/wp-content/plugins/imdb-for-wordpress/assets/img/imdb-star.png]
[themoviezflix.co.in/https://cypherhack99.github.io/moviesflix/themoviezflix.co.in/wp-content/cache/minify/70f6c.css]
[themoviezflix.co.in/https://cypherhack99.github.io/moviesflix/themoviezflix.co.in/wp-content/themes/mts_sociallyviral/fonts/fontawesome-webfont.eot]
[themoviezflix.co.in/https://cypherhack99.github.io/moviesflix/themoviezflix.co.in/wp-content/themes/mts_sociallyviral/fonts/fontawesome-webfontd41d.eot]
[themoviezflix.co.in/https://cypherhack99.github.io/moviesflix/themoviezflix.co.in/wp-content/themes/mts_sociallyviral/fonts/fontawesome-webfont.woff2]
[themoviezflix.co.in/https://cypherhack99.github.io/moviesflix/themoviezflix.co.in/wp-content/themes/mts_sociallyviral/fonts/fontawesome-webfont.woff]
[themoviezflix.co.in/https://cypherhack99.github.io/moviesflix/themoviezflix.co.in/wp-content/themes/mts_sociallyviral/fonts/fontawesome-webfont.ttf]
[themoviezflix.co.in/https://cypherhack99.github.io/moviesflix/themoviezflix.co.in/wp-content/cache/minify/a0950.css]
[themoviezflix.co.in/https://cypherhack99.github.io/moviesflix/themoviezflix.co.in/wp-content/cache/minify/31fcc.js]
[connect.facebook.net/en_US/all.js]
[themoviezflix.co.in/https://cypherhack99.github.io/moviesflix/themoviezflix.co.in/wp-content/cache/minify/013e0.js]
[themoviezflix.co.in/https://cypherhack99.github.io/moviesflix/themoviezflix.co.in/wp-content/themes/mts_sociallyviral/fonts/fontawesome-webfont.svg]
[themoviezflix.co.in/https://cypherhack99.github.io/moviesflix/themoviezflix.co.in/wp-content/themes/mts_sociallyviral/fonts/fontawesome-webfont.svg]
[connect.facebook.net/en_US/all.js]
[themoviesflix.org.ph/https://cypherhack99.github.io/moviesflix/themoviezflix.co.in/wp-content/uploads/2021/06/pattern15.png]
